✅ approved by Human (Mc Oforha) on 2025-04-21  | task: sync_to_site_008

# Push Approval Log

## feature_task_008 - YouTube Directory Integration
- **Branch**: ai-review/sync_to_site_008
- **Date**: 2024-03-20
- **Status**: In Progress
- **Changes**:
  1. Created YouTube integration documentation
  2. Set up environment configuration
  3. Defined module structure
  4. Outlined Phase 1 scope
  5. Implemented core components:
     - VideoPlayer with YouTube IFrame API integration
     - VideoList with grid layout and loading states
     - VideoWidget for dashboard integration
     - React Query integration for data fetching
     - Component test suites
  6. Added features:
     - Video search functionality
     - Expandable widget layout
     - Responsive design
     - Loading states and error handling
- **Files Modified**:
  - `/docs/youtube.md`
  - `/.env.example`
  - `/src/modules/YoutubeIntegration/types/index.ts`
  - `/src/modules/YoutubeIntegration/services/api.ts`
  - `/src/modules/YoutubeIntegration/hooks/useVideos.ts`
  - `/src/modules/YoutubeIntegration/components/VideoPlayer/index.tsx`
  - `/src/modules/YoutubeIntegration/components/VideoPlayer/__tests__/VideoPlayer.test.tsx`
  - `/src/modules/YoutubeIntegration/components/VideoList/index.tsx`
  - `/src/modules/YoutubeIntegration/components/VideoList/__tests__/VideoList.test.tsx`
  - `/src/modules/YoutubeIntegration/components/VideoWidget/index.tsx`
  - `/src/modules/YoutubeIntegration/components/VideoWidget/__tests__/VideoWidget.test.tsx`
- **Review Notes**:
  - Phase 1 focused implementation
  - Minimal integration approach
  - Clear separation of concerns
  - Security considerations documented
  - Test coverage for core components
  - Responsive and user-friendly design
- **Dependencies**:
  - Material-UI
  - YouTube Data API v3
  - TypeScript 4.x
  - React Query
- **Testing Requirements**:
  - ✅ Unit tests for VideoPlayer
  - ✅ Unit tests for VideoList
  - ✅ Unit tests for VideoWidget
  - ⏳ Integration tests for API calls
  - ⏳ E2E tests for critical flows
- **Next Steps**:
  1. Add analytics dashboard
  2. Complete API integration layer
  3. Add remaining test coverage
  4. Implement caching strategy
- **Approval Status**: Awaiting Mc Oforha's review
